manan@DESKTOP-H1VJ7G0:~/workplace$ mkdir todo_app
manan@DESKTOP-H1VJ7G0:~/workplace$ cd todo_app/
manan@DESKTOP-H1VJ7G0:~/workplace/todo_app$ git init
Initialized empty Git repository in /home/manan/workplace/todo_app/.git/
manan@DESKTOP-H1VJ7G0:~/workplace/todo_app$ explorer.exe .
manan@DESKTOP-H1VJ7G0:~/workplace/todo_app$ ls
todo_app.js  todo_index.html  todo_style.css  todo_title_icon.png
manan@DESKTOP-H1VJ7G0:~/workplace/todo_app$ git add --all
manan@DESKTOP-H1VJ7G0:~/workplace/todo_app$ git commit -m "Pushing todo app to github"
[main (root-commit) 1041c37] Pushing todo app to github
 4 files changed, 405 insertions(+)
 create mode 100644 todo_app.js
 create mode 100644 todo_index.html
 create mode 100644 todo_style.css
 create mode 100644 todo_title_icon.png
manan@DESKTOP-H1VJ7G0:~/workplace/todo_app$ git remote add origin git@github.com:mananpandya009/todo_app.git
manan@DESKTOP-H1VJ7G0:~/workplace/todo_app$ git status
On branch main
nothing to commit, working tree clean
manan@DESKTOP-H1VJ7G0:~/workplace/todo_app$ git push -u origin main
Warning: Permanently added the RSA host key for IP address '140.82.113.3' to the list of known hosts.
Enumerating objects: 6, done.
Counting objects: 100% (6/6), done.
Delta compression using up to 8 threads
Compressing objects: 100% (6/6), done.
Writing objects: 100% (6/6), 5.29 KiB | 1.76 MiB/s, done.
Total 6 (delta 0), reused 0 (delta 0), pack-reused 0
To github.com:mananpandya009/todo_app.git
 * [new branch]      main -> main
Branch 'main' set up to track remote branch 'main' from 'origin'.
manan@DESKTOP-H1VJ7G0:~/workplace/todo_app$ mv todo_index.html index.html
manan@DESKTOP-H1VJ7G0:~/workplace/todo_app$ git status
On branch main
Your branch is up to date with 'origin/main'.

Changes not staged for commit:
  (use "git add/rm <file>..." to update what will be committed)
  (use "git restore <file>..." to discard changes in working directory)
        deleted:    todo_index.html

Untracked files:
  (use "git add <file>..." to include in what will be committed)
        index.html

no changes added to commit (use "git add" and/or "git commit -a")
manan@DESKTOP-H1VJ7G0:~/workplace/todo_app$ ls
index.html  todo_app.js  todo_style.css  todo_title_icon.png
manan@DESKTOP-H1VJ7G0:~/workplace/todo_app$ git add .
manan@DESKTOP-H1VJ7G0:~/workplace/todo_app$ git commit -m "renamed page"
[main 0ce0324] renamed page
 1 file changed, 0 insertions(+), 0 deletions(-)
 rename todo_index.html => index.html (100%)
manan@DESKTOP-H1VJ7G0:~/workplace/todo_app$ git push
Warning: Permanently added the RSA host key for IP address '140.82.112.4' to the list of known hosts.
Enumerating objects: 3, done.
Counting objects: 100% (3/3), done.
Delta compression using up to 8 threads
Compressing objects: 100% (2/2), done.
Writing objects: 100% (2/2), 232 bytes | 232.00 KiB/s, done.
Total 2 (delta 1), reused 0 (delta 0), pack-reused 0
remote: Resolving deltas: 100% (1/1), completed with 1 local object.
To github.com:mananpandya009/todo_app.git
   1041c37..0ce0324  main -> main
manan@DESKTOP-H1VJ7G0:~/workplace/todo_app$ cd ..
manan@DESKTOP-H1VJ7G0:~/workplace$ mkdir
mkdir: missing operand
Try 'mkdir --help' for more information.
manan@DESKTOP-H1VJ7G0:~/workplace$ mkdir meme_generator
manan@DESKTOP-H1VJ7G0:~/workplace$ cd meme_generator/
manan@DESKTOP-H1VJ7G0:~/workplace/meme_generator$ git init
Initialized empty Git repository in /home/manan/workplace/meme_generator/.git/
manan@DESKTOP-H1VJ7G0:~/workplace/meme_generator$ explorer.exe .
manan@DESKTOP-H1VJ7G0:~/workplace/meme_generator$ explorer.exe .
manan@DESKTOP-H1VJ7G0:~/workplace/meme_generator$ git status
On branch main

No commits yet

Untracked files:
  (use "git add <file>..." to include in what will be committed)
        cooldog.jpg
        coolfrog.jpg
        funnyhorse.jpg
        guyrushing.jpg
        horse.jpg
        index.html
        kid.jpg
        meme_app.js
        meme_style.css
        monkey.jpg
        popeye.png

nothing added to commit but untracked files present (use "git add" to track)
manan@DESKTOP-H1VJ7G0:~/workplace/meme_generator$ git add --all
manan@DESKTOP-H1VJ7G0:~/workplace/meme_generator$ git commit -m "pushing meme generator"
[main (root-commit) 05f0803] pushing meme generator
 11 files changed, 169 insertions(+)
 create mode 100644 cooldog.jpg
 create mode 100644 coolfrog.jpg
 create mode 100644 funnyhorse.jpg
 create mode 100644 guyrushing.jpg
 create mode 100644 horse.jpg
 create mode 100644 index.html
 create mode 100644 kid.jpg
 create mode 100644 meme_app.js
 create mode 100644 meme_style.css
 create mode 100644 monkey.jpg
 create mode 100644 popeye.png
manan@DESKTOP-H1VJ7G0:~/workplace/meme_generator$ git remote ?
error: Unknown subcommand: ?
usage: git remote [-v | --verbose]
   or: git remote add [-t <branch>] [-m <master>] [-f] [--tags | --no-tags] [--mirror=<fetch|push>] <name> <url>
   or: git remote rename <old> <new>
   or: git remote remove <name>
   or: git remote set-head <name> (-a | --auto | -d | --delete | <branch>)
   or: git remote [-v | --verbose] show [-n] <name>
   or: git remote prune [-n | --dry-run] <name>
   or: git remote [-v | --verbose] update [-p | --prune] [(<group> | <remote>)...]
   or: git remote set-branches [--add] <name> <branch>...
   or: git remote get-url [--push] [--all] <name>
   or: git remote set-url [--push] <name> <newurl> [<oldurl>]
   or: git remote set-url --add <name> <newurl>
   or: git remote set-url --delete <name> <url>

    -v, --verbose         be verbose; must be placed before a subcommand

manan@DESKTOP-H1VJ7G0:~/workplace/meme_generator$ git remote add origin git@github.com:mananpandya009/meme_generator.gitmanan@DESKTOP-H1VJ7G0:~/workplace/meme_generator$ git push -u origin main
Warning: Permanently added the RSA host key for IP address '140.82.114.3' to the list of known hosts.
Enumerating objects: 13, done.
Counting objects: 100% (13/13), done.
Delta compression using up to 8 threads
Compressing objects: 100% (13/13), done.
Writing objects: 100% (13/13), 17.04 MiB | 1.36 MiB/s, done.
Total 13 (delta 0), reused 0 (delta 0), pack-reused 0
To github.com:mananpandya009/meme_generator.git
 * [new branch]      main -> main
Branch 'main' set up to track remote branch 'main' from 'origin'.
manan@DESKTOP-H1VJ7G0:~/workplace/meme_generator$ cd ..
manan@DESKTOP-H1VJ7G0:~/workplace$ cd todo_app/
manan@DESKTOP-H1VJ7G0:~/workplace/todo_app$ code .
manan@DESKTOP-H1VJ7G0:~/workplace/todo_app$

